{
    "PCGRHACKATHON - vcf - stub": {
        "content": [
            {
                "0": [
                    
                ],
                "1": [
                    
                ],
                "pcgr_vcf": [
                    
                ],
                "versions": [
                    
                ]
            }
        ],
        "meta": {
            "nf-test": "0.9.2",
            "nextflow": "24.10.5"
        },
        "timestamp": "2025-03-25T10:00:37.611357"
    },
    "PCGRHACKATHON - vcf": {
        "content": [
            {
                "0": [
                    
                ],
                "1": [
                    
                ],
                "pcgr_vcf": [
                    
                ],
                "versions": [
                    
                ]
            }
        ],
        "meta": {
            "nf-test": "0.9.2",
            "nextflow": "24.10.5"
        },
        "timestamp": "2025-03-25T10:00:35.735709"
    }
}